0 verbose cli C:\Program Files\nodejs\node.exe C:\Program Files\nodejs\node_modules\npm\bin\npm-cli.js
0 verbose cli C:\Program Files\nodejs\node.exe C:\Program Files\nodejs\node_modules\npm\bin\npm-cli.js
1 info using npm@11.13.0
2 info using node@v26.1.0
1 info using npm@11.13.0
3 silly config load:file:C:\Program Files\nodejs\node_modules\npm\npmrc
2 info using node@v26.1.0
4 silly config load:file:C:\projeler\safetrade\.npmrc
5 silly config load:file:C:\Users\mikai\.npmrc
3 silly config load:file:C:\Program Files\nodejs\node_modules\npm\npmrc
6 silly config load:file:C:\projeler\safetrade\.appdata-roaming\npm\etc\npmrc
7 verbose title npm run hardhat:compile
4 silly config load:file:C:\projeler\safetrade\.npmrc
8 verbose argv "run" "hardhat:compile"
5 silly config load:file:C:\Users\mikai\.npmrc
6 silly config load:file:C:\projeler\safetrade\.appdata-roaming\npm\etc\npmrc
9 verbose logfile logs-max:10 dir:C:\projeler\safetrade\.appdata-local\npm-cache\_logs\2026-05-30T14_26_10_480Z-
10 verbose logfile C:\projeler\safetrade\.appdata-local\npm-cache\_logs\2026-05-30T14_26_10_480Z-debug-0.log
7 verbose title npm run hardhat:test
8 verbose argv "run" "hardhat:test"
9 verbose logfile logs-max:10 dir:C:\projeler\safetrade\.appdata-local\npm-cache\_logs\2026-05-30T14_26_10_480Z-
10 verbose logfile C:\projeler\safetrade\.appdata-local\npm-cache\_logs\2026-05-30T14_26_10_480Z-debug-0.log
11 silly logfile done cleaning log files
11 silly logfile done cleaning log files
12 http fetch GET https://registry.npmjs.org/npm attempt 1 failed with ECONNREFUSED
12 http fetch GET https://registry.npmjs.org/npm attempt 1 failed with ECONNREFUSED
13 verbose cwd C:\projeler\safetrade
14 verbose os Windows_NT 10.0.26200
15 verbose node v26.1.0
16 verbose npm  v11.13.0
17 verbose exit 1
18 verbose code 1
13 verbose cwd C:\projeler\safetrade
14 verbose os Windows_NT 10.0.26200
15 verbose node v26.1.0
16 verbose npm  v11.13.0
17 verbose exit 1
18 verbose code 1
